// Jest Snapshot v1, https://goo.gl/fbAQLP

exports[`OpenClosedBadge should render correctly 1`] = `
<View
  accessible={true}
  focusable={false}
  onClick={[Function]}
  onResponderGrant={[Function]}
  onResponderMove={[Function]}
  onResponderRelease={[Function]}
  onResponderTerminate={[Function]}
  onResponderTerminationRequest={[Function]}
  onStartShouldSetResponder={[Function]}
  style={
    Object {
      "alignItems": "center",
      "backgroundColor": "rgb(45, 164, 78)",
      "borderRadius": 6,
      "height": 32,
      "justifyContent": "center",
      "opacity": 1,
    }
  }
>
  <Text
    style={
      Object {
        "color": "#fff",
        "fontFamily": "Helvetica",
        "fontSize": 14,
        "fontWeight": "500",
        "lineHeight": 20,
      }
    }
  >
    Hello
  </Text>
</View>
`;
