// Jest Snapshot v1, https://goo.gl/fbAQLP

exports[`CustomBox should render correctly 1`] = `
<View
  accessibilityHint="Press anywhere to dismiss keyboard"
  accessibilityLabel="Keyboard Dismiss Container"
  accessible={true}
  collapsable={false}
  focusable={true}
  onBlur={[Function]}
  onClick={[Function]}
  onFocus={[Function]}
  onResponderGrant={[Function]}
  onResponderMove={[Function]}
  onResponderRelease={[Function]}
  onResponderTerminate={[Function]}
  onResponderTerminationRequest={[Function]}
  onStartShouldSetResponder={[Function]}
  style={
    Array [
      Object {
        "flex": 1,
      },
      undefined,
    ]
  }
>
  <Text>
    Hello
  </Text>
</View>
`;
